17:52:37 **** Clean-only build of configuration Debug for project stm32f1xx_drivers ****
make -j8 clean 
rm -rf *
 
Info: Nothing to build for func_math
17:52:39 **** Clean-only build of configuration Debug for project stm32f1xx_drivers ****
make -j8 clean 
make: *** No rule to make target 'clean'.  Stop.
"make -j8 clean" terminated with exit code 2. Build might be incomplete.
17:52:40 **** Build of configuration Debug for project stm32f1xx_drivers ****
make -j8 all 
arm-none-eabi-gcc "../drivers/Src/stm32f1xx_gpio.c" -mcpu=cortex-m3 -std=gnu11 -g3 -DSTM32 -DSTM32F1 -DSTM32F103C8Tx -DDEBUG -c -I../Inc -I"C:/Users/Daniela/Documents/Courses/Embedded_C/MCU1/Host_MCU1/stm32f1xx_drivers/drivers/Inc" -O0 -ffunction-sections -fdata-sections -Wall -fstack-usage -MMD -MP -MF"drivers/Src/stm32f1xx_gpio.d" -MT"drivers/Src/stm32f1xx_gpio.o" --specs=nano.specs -mfloat-abi=soft -mthumb -o "drivers/Src/stm32f1xx_gpio.o"
arm-none-eabi-gcc "../drivers/Src/stm32f1xx_spi.c" -mcpu=cortex-m3 -std=gnu11 -g3 -DSTM32 -DSTM32F1 -DSTM32F103C8Tx -DDEBUG -c -I../Inc -I"C:/Users/Daniela/Documents/Courses/Embedded_C/MCU1/Host_MCU1/stm32f1xx_drivers/drivers/Inc" -O0 -ffunction-sections -fdata-sections -Wall -fstack-usage -MMD -MP -MF"drivers/Src/stm32f1xx_spi.d" -MT"drivers/Src/stm32f1xx_spi.o" --specs=nano.specs -mfloat-abi=soft -mthumb -o "drivers/Src/stm32f1xx_spi.o"
arm-none-eabi-gcc -mcpu=cortex-m3 -g3 -c -x assembler-with-cpp --specs=nano.specs -mfloat-abi=soft -mthumb -o "Startup/startup_stm32f103c8tx.o" "../Startup/startup_stm32f103c8tx.s"
arm-none-eabi-gcc "../Src/007_SPI_Command_Handling.c" -mcpu=cortex-m3 -std=gnu11 -g3 -DSTM32 -DSTM32F1 -DSTM32F103C8Tx -DDEBUG -c -I../Inc -I"C:/Users/Daniela/Documents/Courses/Embedded_C/MCU1/Host_MCU1/stm32f1xx_drivers/drivers/Inc" -O0 -ffunction-sections -fdata-sections -Wall -fstack-usage -MMD -MP -MF"Src/007_SPI_Command_Handling.d" -MT"Src/007_SPI_Command_Handling.o" --specs=nano.specs -mfloat-abi=soft -mthumb -o "Src/007_SPI_Command_Handling.o"
arm-none-eabi-gcc -o "stm32f1xx_drivers.elf" @"objects.list"   -mcpu=cortex-m3 -T"C:\Users\Daniela\Documents\Courses\Embedded_C\MCU1\Host_MCU1\stm32f1xx_drivers\STM32F103C8TX_FLASH.ld" --specs=nosys.specs -Wl,-Map="stm32f1xx_drivers.map" -Wl,--gc-sections -static -specs=rdimon.specs -lc -lrdimon --specs=nano.specs -mfloat-abi=soft -mthumb -Wl,--start-group -lc -lm -Wl,--end-group
Finished building target: stm32f1xx_drivers.elf
 
arm-none-eabi-size   stm32f1xx_drivers.elf 
arm-none-eabi-objdump -h -S  stm32f1xx_drivers.elf  > "stm32f1xx_drivers.list"
   text	   data	    bss	    dec	    hex	filename
   7160	    120	   1752	   9032	   2348	stm32f1xx_drivers.elf
arm-none-eabi-objcopy  -O binary  stm32f1xx_drivers.elf  "stm32f1xx_drivers.bin"
Finished building: default.size.stdout
 
Finished building: stm32f1xx_drivers.list
Finished building: stm32f1xx_drivers.bin
 
 
17:53:18 **** Incremental Build of configuration Debug for project stm32f1xx_drivers ****
make -j8 all 
arm-none-eabi-size   stm32f1xx_drivers.elf 
   text	   data	    bss	    dec	    hex	filename
   7160	    120	   1752	   9032	   2348	stm32f1xx_drivers.elf
Finished building: default.size.stdout
 
17:54:47 **** Incremental Build of configuration Debug for project stm32f1xx_drivers ****
make -j8 all 
arm-none-eabi-size   stm32f1xx_drivers.elf 
   text	   data	    bss	    dec	    hex	filename
   7160	    120	   1752	   9032	   2348	stm32f1xx_drivers.elf
Finished building: default.size.stdout
 
17:55:46 **** Incremental Build of configuration Debug for project stm32f1xx_drivers ****
make -j8 all 
arm-none-eabi-size   stm32f1xx_drivers.elf 
   text	   data	    bss	    dec	    hex	filename
   7160	    120	   1752	   9032	   2348	stm32f1xx_drivers.elf
Finished building: default.size.stdout
 
17:56:55 **** Incremental Build of configuration Debug for project stm32f1xx_drivers ****
make -j8 all 
arm-none-eabi-size   stm32f1xx_drivers.elf 
   text	   data	    bss	    dec	    hex	filename
   7160	    120	   1752	   9032	   2348	stm32f1xx_drivers.elf
Finished building: default.size.stdout
 
17:57:15 **** Incremental Build of configuration Debug for project stm32f1xx_drivers ****
make -j8 all 
arm-none-eabi-size   stm32f1xx_drivers.elf 
   text	   data	    bss	    dec	    hex	filename
   7160	    120	   1752	   9032	   2348	stm32f1xx_drivers.elf
Finished building: default.size.stdout
 
17:58:03 **** Incremental Build of configuration Debug for project stm32f1xx_drivers ****
make -j8 all 
arm-none-eabi-size   stm32f1xx_drivers.elf 
   text	   data	    bss	    dec	    hex	filename
   7160	    120	   1752	   9032	   2348	stm32f1xx_drivers.elf
Finished building: default.size.stdout
 
17:58:52 **** Incremental Build of configuration Debug for project stm32f1xx_drivers ****
make -j8 all 
arm-none-eabi-size   stm32f1xx_drivers.elf 
   text	   data	    bss	    dec	    hex	filename
   7160	    120	   1752	   9032	   2348	stm32f1xx_drivers.elf
Finished building: default.size.stdout
 
