17:14:19 **** Incremental Build of configuration Debug for project stm32f1xx_drivers ****
make -j8 all 
arm-none-eabi-gcc "../drivers/Src/stm32f1xx_i2c.c" -mcpu=cortex-m3 -std=gnu11 -g3 -DSTM32 -DSTM32F1 -DSTM32F103C8Tx -DDEBUG -c -I../Inc -I"C:/Users/Daniela/Documents/Courses/Embedded_C/MCU1/Host_MCU1/stm32f1xx_drivers/drivers/Inc" -O0 -ffunction-sections -fdata-sections -Wall -fstack-usage -MMD -MP -MF"drivers/Src/stm32f1xx_i2c.d" -MT"drivers/Src/stm32f1xx_i2c.o" --specs=nano.specs -mfloat-abi=soft -mthumb -o "drivers/Src/stm32f1xx_i2c.o"
../drivers/Src/stm32f1xx_i2c.c: In function 'I2C_EV_IRQHandling':
../drivers/Src/stm32f1xx_i2c.c:591:6: warning: implicit declaration of function 'I2C_CloseSendData'; did you mean 'I2C_MasterSendData'? [-Wimplicit-function-declaration]
      I2C_CloseSendData();
      ^~~~~~~~~~~~~~~~~
      I2C_MasterSendData
../drivers/Src/stm32f1xx_i2c.c:594:48: error: 'I2C_EV_COMPLETE' undeclared (first use in this function)
      I2C_ApplicationEventCallback(pI2CxHandle, I2C_EV_COMPLETE);
                                                ^~~~~~~~~~~~~~~
../drivers/Src/stm32f1xx_i2c.c:594:48: note: each undeclared identifier is reported only once for each function it appears in
../drivers/Src/stm32f1xx_i2c.c:625:1: error: expected declaration or statement at end of input
 }
 ^
At top level:
../drivers/Src/stm32f1xx_i2c.c:623:6: warning: 'I2C_ER_IRQHandling' defined but not used [-Wunused-function]
 void I2C_ER_IRQHandling(I2C_Handle_t *pI2CxHandle){
      ^~~~~~~~~~~~~~~~~~
make: *** [drivers/Src/subdir.mk:26: drivers/Src/stm32f1xx_i2c.o] Error 1
"make -j8 all" terminated with exit code 2. Build might be incomplete.
17:14:52 **** Incremental Build of configuration Debug for project stm32f1xx_drivers ****
make -j8 all 
arm-none-eabi-gcc "../drivers/Src/stm32f1xx_i2c.c" -mcpu=cortex-m3 -std=gnu11 -g3 -DSTM32 -DSTM32F1 -DSTM32F103C8Tx -DDEBUG -c -I../Inc -I"C:/Users/Daniela/Documents/Courses/Embedded_C/MCU1/Host_MCU1/stm32f1xx_drivers/drivers/Inc" -O0 -ffunction-sections -fdata-sections -Wall -fstack-usage -MMD -MP -MF"drivers/Src/stm32f1xx_i2c.d" -MT"drivers/Src/stm32f1xx_i2c.o" --specs=nano.specs -mfloat-abi=soft -mthumb -o "drivers/Src/stm32f1xx_i2c.o"
../drivers/Src/stm32f1xx_i2c.c: In function 'I2C_EV_IRQHandling':
../drivers/Src/stm32f1xx_i2c.c:591:6: warning: implicit declaration of function 'I2C_CloseSendData'; did you mean 'I2C_MasterSendData'? [-Wimplicit-function-declaration]
      I2C_CloseSendData();
      ^~~~~~~~~~~~~~~~~
      I2C_MasterSendData
../drivers/Src/stm32f1xx_i2c.c:594:48: error: 'I2C_EV_COMPLETE' undeclared (first use in this function)
      I2C_ApplicationEventCallback(pI2CxHandle, I2C_EV_COMPLETE);
                                                ^~~~~~~~~~~~~~~
../drivers/Src/stm32f1xx_i2c.c:594:48: note: each undeclared identifier is reported only once for each function it appears in
make: *** [drivers/Src/subdir.mk:26: drivers/Src/stm32f1xx_i2c.o] Error 1
"make -j8 all" terminated with exit code 2. Build might be incomplete.
17:32:42 **** Incremental Build of configuration Debug for project stm32f1xx_drivers ****
make -j8 all 
arm-none-eabi-gcc "../drivers/Src/stm32f1xx_i2c.c" -mcpu=cortex-m3 -std=gnu11 -g3 -DSTM32 -DSTM32F1 -DSTM32F103C8Tx -DDEBUG -c -I../Inc -I"C:/Users/Daniela/Documents/Courses/Embedded_C/MCU1/Host_MCU1/stm32f1xx_drivers/drivers/Inc" -O0 -ffunction-sections -fdata-sections -Wall -fstack-usage -MMD -MP -MF"drivers/Src/stm32f1xx_i2c.d" -MT"drivers/Src/stm32f1xx_i2c.o" --specs=nano.specs -mfloat-abi=soft -mthumb -o "drivers/Src/stm32f1xx_i2c.o"
../drivers/Src/stm32f1xx_i2c.c: In function 'I2C_EV_IRQHandling':
../drivers/Src/stm32f1xx_i2c.c:591:6: warning: implicit declaration of function 'I2C_CloseSendData'; did you mean 'I2C_MasterSendData'? [-Wimplicit-function-declaration]
      I2C_CloseSendData();
      ^~~~~~~~~~~~~~~~~
      I2C_MasterSendData
../drivers/Src/stm32f1xx_i2c.c:594:48: error: 'I2C_EV_COMPLETE' undeclared (first use in this function)
      I2C_ApplicationEventCallback(pI2CxHandle, I2C_EV_COMPLETE);
                                                ^~~~~~~~~~~~~~~
../drivers/Src/stm32f1xx_i2c.c:594:48: note: each undeclared identifier is reported only once for each function it appears in
../drivers/Src/stm32f1xx_i2c.c:613:45: error: 'I2C_EV_STOP' undeclared (first use in this function); did you mean 'I2C_CR1_STOP'?
   I2C_ApplicationEventCallback(pI2CxHandle, I2C_EV_STOP);
                                             ^~~~~~~~~~~
                                             I2C_CR1_STOP
make: *** [drivers/Src/subdir.mk:26: drivers/Src/stm32f1xx_i2c.o] Error 1
"make -j8 all" terminated with exit code 2. Build might be incomplete.
Info: Nothing to build for func_math
09:39:32 **** Clean-only build of configuration Debug for project stm32f1xx_drivers ****
make -j8 clean 
rm -rf *
 
09:39:33 **** Incremental Build of configuration Debug for project stm32f1xx_drivers ****
make -j8 all 
arm-none-eabi-gcc "../drivers/Src/stm32f1xx_gpio.c" -mcpu=cortex-m3 -std=gnu11 -g3 -DSTM32 -DSTM32F1 -DSTM32F103C8Tx -DDEBUG -c -I../Inc -I"C:/Users/Daniela/Documents/Courses/Embedded_C/MCU1/Host_MCU1/stm32f1xx_drivers/drivers/Inc" -O0 -ffunction-sections -fdata-sections -Wall -fstack-usage -MMD -MP -MF"drivers/Src/stm32f1xx_gpio.d" -MT"drivers/Src/stm32f1xx_gpio.o" --specs=nano.specs -mfloat-abi=soft -mthumb -o "drivers/Src/stm32f1xx_gpio.o"
arm-none-eabi-gcc "../drivers/Src/stm32f1xx_i2c.c" -mcpu=cortex-m3 -std=gnu11 -g3 -DSTM32 -DSTM32F1 -DSTM32F103C8Tx -DDEBUG -c -I../Inc -I"C:/Users/Daniela/Documents/Courses/Embedded_C/MCU1/Host_MCU1/stm32f1xx_drivers/drivers/Inc" -O0 -ffunction-sections -fdata-sections -Wall -fstack-usage -MMD -MP -MF"drivers/Src/stm32f1xx_i2c.d" -MT"drivers/Src/stm32f1xx_i2c.o" --specs=nano.specs -mfloat-abi=soft -mthumb -o "drivers/Src/stm32f1xx_i2c.o"
arm-none-eabi-gcc "../drivers/Src/stm32f1xx_spi.c" -mcpu=cortex-m3 -std=gnu11 -g3 -DSTM32 -DSTM32F1 -DSTM32F103C8Tx -DDEBUG -c -I../Inc -I"C:/Users/Daniela/Documents/Courses/Embedded_C/MCU1/Host_MCU1/stm32f1xx_drivers/drivers/Inc" -O0 -ffunction-sections -fdata-sections -Wall -fstack-usage -MMD -MP -MF"drivers/Src/stm32f1xx_spi.d" -MT"drivers/Src/stm32f1xx_spi.o" --specs=nano.specs -mfloat-abi=soft -mthumb -o "drivers/Src/stm32f1xx_spi.o"
arm-none-eabi-gcc -mcpu=cortex-m3 -g3 -c -x assembler-with-cpp --specs=nano.specs -mfloat-abi=soft -mthumb -o "Startup/startup_stm32f103c8tx.o" "../Startup/startup_stm32f103c8tx.s"
arm-none-eabi-gcc "../Src/010_Master_Rx_Testing.c" -mcpu=cortex-m3 -std=gnu11 -g3 -DSTM32 -DSTM32F1 -DSTM32F103C8Tx -DDEBUG -c -I../Inc -I"C:/Users/Daniela/Documents/Courses/Embedded_C/MCU1/Host_MCU1/stm32f1xx_drivers/drivers/Inc" -O0 -ffunction-sections -fdata-sections -Wall -fstack-usage -MMD -MP -MF"Src/010_Master_Rx_Testing.d" -MT"Src/010_Master_Rx_Testing.o" --specs=nano.specs -mfloat-abi=soft -mthumb -o "Src/010_Master_Rx_Testing.o"
../drivers/Src/stm32f1xx_i2c.c: In function 'I2C_MasterSendData':
../drivers/Src/stm32f1xx_i2c.c:319:20: warning: passing argument 1 of 'I2C_ClearAddrFlag' from incompatible pointer type [-Wincompatible-pointer-types]
  I2C_ClearAddrFlag(pI2CxHandle->pI2Cx);
                    ^~~~~~~~~~~
../drivers/Src/stm32f1xx_i2c.c:74:13: note: expected 'I2C_Handle_t * {aka struct <anonymous> *}' but argument is of type 'I2C_RegDef_t * {aka struct <anonymous> *}'
 static void I2C_ClearAddrFlag(I2C_Handle_t *pI2CxHandle){
             ^~~~~~~~~~~~~~~~~
../drivers/Src/stm32f1xx_i2c.c: In function 'I2C_MasterReceiveData':
../drivers/Src/stm32f1xx_i2c.c:370:21: warning: passing argument 1 of 'I2C_ClearAddrFlag' from incompatible pointer type [-Wincompatible-pointer-types]
   I2C_ClearAddrFlag(pI2CxHandle->pI2Cx);
                     ^~~~~~~~~~~
../drivers/Src/stm32f1xx_i2c.c:74:13: note: expected 'I2C_Handle_t * {aka struct <anonymous> *}' but argument is of type 'I2C_RegDef_t * {aka struct <anonymous> *}'
 static void I2C_ClearAddrFlag(I2C_Handle_t *pI2CxHandle){
             ^~~~~~~~~~~~~~~~~
../drivers/Src/stm32f1xx_i2c.c:384:21: warning: passing argument 1 of 'I2C_ClearAddrFlag' from incompatible pointer type [-Wincompatible-pointer-types]
   I2C_ClearAddrFlag(pI2CxHandle->pI2Cx);
                     ^~~~~~~~~~~
../drivers/Src/stm32f1xx_i2c.c:74:13: note: expected 'I2C_Handle_t * {aka struct <anonymous> *}' but argument is of type 'I2C_RegDef_t * {aka struct <anonymous> *}'
 static void I2C_ClearAddrFlag(I2C_Handle_t *pI2CxHandle){
             ^~~~~~~~~~~~~~~~~
../drivers/Src/stm32f1xx_i2c.c: In function 'I2C_MasterHandleRXNEIT':
../drivers/Src/stm32f1xx_i2c.c:600:3: warning: implicit declaration of function 'I2C_CloseReceiveData'; did you mean 'I2C_MasterReceiveData'? [-Wimplicit-function-declaration]
   I2C_CloseReceiveData();
   ^~~~~~~~~~~~~~~~~~~~
   I2C_MasterReceiveData
../drivers/Src/stm32f1xx_i2c.c:603:45: error: 'I2C_EV_RX_COMPLETE' undeclared (first use in this function); did you mean 'SPI_EVENT_RX_COMPLETE'?
   I2C_ApplicationEventCallback(pI2CxHandle, I2C_EV_RX_COMPLETE);
                                             ^~~~~~~~~~~~~~~~~~
                                             SPI_EVENT_RX_COMPLETE
../drivers/Src/stm32f1xx_i2c.c:603:45: note: each undeclared identifier is reported only once for each function it appears in
../drivers/Src/stm32f1xx_i2c.c: In function 'I2C_EV_IRQHandling':
../drivers/Src/stm32f1xx_i2c.c:638:21: warning: passing argument 1 of 'I2C_ClearAddrFlag' from incompatible pointer type [-Wincompatible-pointer-types]
   I2C_ClearAddrFlag(pI2CxHandle->pI2Cx);
                     ^~~~~~~~~~~
../drivers/Src/stm32f1xx_i2c.c:74:13: note: expected 'I2C_Handle_t * {aka struct <anonymous> *}' but argument is of type 'I2C_RegDef_t * {aka struct <anonymous> *}'
 static void I2C_ClearAddrFlag(I2C_Handle_t *pI2CxHandle){
             ^~~~~~~~~~~~~~~~~
../drivers/Src/stm32f1xx_i2c.c:660:6: warning: implicit declaration of function 'I2C_CloseSendData'; did you mean 'I2C_MasterSendData'? [-Wimplicit-function-declaration]
      I2C_CloseSendData();
      ^~~~~~~~~~~~~~~~~
      I2C_MasterSendData
../drivers/Src/stm32f1xx_i2c.c:663:48: error: 'I2C_EV_COMPLETE' undeclared (first use in this function)
      I2C_ApplicationEventCallback(pI2CxHandle, I2C_EV_COMPLETE);
                                                ^~~~~~~~~~~~~~~
../drivers/Src/stm32f1xx_i2c.c:682:45: error: 'I2C_EV_STOP' undeclared (first use in this function); did you mean 'I2C_CR1_STOP'?
   I2C_ApplicationEventCallback(pI2CxHandle, I2C_EV_STOP);
                                             ^~~~~~~~~~~
                                             I2C_CR1_STOP
../drivers/Src/stm32f1xx_i2c.c:709:28: error: 'I2CxHandle' undeclared (first use in this function); did you mean 'pI2CxHandle'?
     I2C_MasterHandleRXNEIT(I2CxHandle);
                            ^~~~~~~~~~
                            pI2CxHandle
make: *** [drivers/Src/subdir.mk:26: drivers/Src/stm32f1xx_i2c.o] Error 1
make: *** Waiting for unfinished jobs....
"make -j8 all" terminated with exit code 2. Build might be incomplete.
09:39:59 **** Incremental Build of configuration Debug for project stm32f1xx_drivers ****
make -j8 all 
arm-none-eabi-gcc "../drivers/Src/stm32f1xx_i2c.c" -mcpu=cortex-m3 -std=gnu11 -g3 -DSTM32 -DSTM32F1 -DSTM32F103C8Tx -DDEBUG -c -I../Inc -I"C:/Users/Daniela/Documents/Courses/Embedded_C/MCU1/Host_MCU1/stm32f1xx_drivers/drivers/Inc" -O0 -ffunction-sections -fdata-sections -Wall -fstack-usage -MMD -MP -MF"drivers/Src/stm32f1xx_i2c.d" -MT"drivers/Src/stm32f1xx_i2c.o" --specs=nano.specs -mfloat-abi=soft -mthumb -o "drivers/Src/stm32f1xx_i2c.o"
../drivers/Src/stm32f1xx_i2c.c: In function 'I2C_MasterSendData':
../drivers/Src/stm32f1xx_i2c.c:319:20: warning: passing argument 1 of 'I2C_ClearAddrFlag' from incompatible pointer type [-Wincompatible-pointer-types]
  I2C_ClearAddrFlag(pI2CxHandle->pI2Cx);
                    ^~~~~~~~~~~
../drivers/Src/stm32f1xx_i2c.c:74:13: note: expected 'I2C_Handle_t * {aka struct <anonymous> *}' but argument is of type 'I2C_RegDef_t * {aka struct <anonymous> *}'
 static void I2C_ClearAddrFlag(I2C_Handle_t *pI2CxHandle){
             ^~~~~~~~~~~~~~~~~
../drivers/Src/stm32f1xx_i2c.c: In function 'I2C_MasterReceiveData':
../drivers/Src/stm32f1xx_i2c.c:370:21: warning: passing argument 1 of 'I2C_ClearAddrFlag' from incompatible pointer type [-Wincompatible-pointer-types]
   I2C_ClearAddrFlag(pI2CxHandle->pI2Cx);
                     ^~~~~~~~~~~
../drivers/Src/stm32f1xx_i2c.c:74:13: note: expected 'I2C_Handle_t * {aka struct <anonymous> *}' but argument is of type 'I2C_RegDef_t * {aka struct <anonymous> *}'
 static void I2C_ClearAddrFlag(I2C_Handle_t *pI2CxHandle){
             ^~~~~~~~~~~~~~~~~
../drivers/Src/stm32f1xx_i2c.c:384:21: warning: passing argument 1 of 'I2C_ClearAddrFlag' from incompatible pointer type [-Wincompatible-pointer-types]
   I2C_ClearAddrFlag(pI2CxHandle->pI2Cx);
                     ^~~~~~~~~~~
../drivers/Src/stm32f1xx_i2c.c:74:13: note: expected 'I2C_Handle_t * {aka struct <anonymous> *}' but argument is of type 'I2C_RegDef_t * {aka struct <anonymous> *}'
 static void I2C_ClearAddrFlag(I2C_Handle_t *pI2CxHandle){
             ^~~~~~~~~~~~~~~~~
../drivers/Src/stm32f1xx_i2c.c: In function 'I2C_MasterHandleRXNEIT':
../drivers/Src/stm32f1xx_i2c.c:600:3: warning: implicit declaration of function 'I2C_CloseReceiveData'; did you mean 'I2C_MasterReceiveData'? [-Wimplicit-function-declaration]
   I2C_CloseReceiveData();
   ^~~~~~~~~~~~~~~~~~~~
   I2C_MasterReceiveData
../drivers/Src/stm32f1xx_i2c.c:603:45: error: 'I2C_EV_RX_COMPLETE' undeclared (first use in this function); did you mean 'SPI_EVENT_RX_COMPLETE'?
   I2C_ApplicationEventCallback(pI2CxHandle, I2C_EV_RX_COMPLETE);
                                             ^~~~~~~~~~~~~~~~~~
                                             SPI_EVENT_RX_COMPLETE
../drivers/Src/stm32f1xx_i2c.c:603:45: note: each undeclared identifier is reported only once for each function it appears in
../drivers/Src/stm32f1xx_i2c.c: In function 'I2C_EV_IRQHandling':
../drivers/Src/stm32f1xx_i2c.c:638:21: warning: passing argument 1 of 'I2C_ClearAddrFlag' from incompatible pointer type [-Wincompatible-pointer-types]
   I2C_ClearAddrFlag(pI2CxHandle->pI2Cx);
                     ^~~~~~~~~~~
../drivers/Src/stm32f1xx_i2c.c:74:13: note: expected 'I2C_Handle_t * {aka struct <anonymous> *}' but argument is of type 'I2C_RegDef_t * {aka struct <anonymous> *}'
 static void I2C_ClearAddrFlag(I2C_Handle_t *pI2CxHandle){
             ^~~~~~~~~~~~~~~~~
../drivers/Src/stm32f1xx_i2c.c:660:6: warning: implicit declaration of function 'I2C_CloseSendData'; did you mean 'I2C_MasterSendData'? [-Wimplicit-function-declaration]
      I2C_CloseSendData();
      ^~~~~~~~~~~~~~~~~
      I2C_MasterSendData
../drivers/Src/stm32f1xx_i2c.c:663:48: error: 'I2C_EV_COMPLETE' undeclared (first use in this function)
      I2C_ApplicationEventCallback(pI2CxHandle, I2C_EV_COMPLETE);
                                                ^~~~~~~~~~~~~~~
../drivers/Src/stm32f1xx_i2c.c:682:45: error: 'I2C_EV_STOP' undeclared (first use in this function); did you mean 'I2C_CR1_STOP'?
   I2C_ApplicationEventCallback(pI2CxHandle, I2C_EV_STOP);
                                             ^~~~~~~~~~~
                                             I2C_CR1_STOP
make: *** [drivers/Src/subdir.mk:26: drivers/Src/stm32f1xx_i2c.o] Error 1
"make -j8 all" terminated with exit code 2. Build might be incomplete.
09:43:24 **** Incremental Build of configuration Debug for project stm32f1xx_drivers ****
make -j8 all 
arm-none-eabi-gcc "../drivers/Src/stm32f1xx_i2c.c" -mcpu=cortex-m3 -std=gnu11 -g3 -DSTM32 -DSTM32F1 -DSTM32F103C8Tx -DDEBUG -c -I../Inc -I"C:/Users/Daniela/Documents/Courses/Embedded_C/MCU1/Host_MCU1/stm32f1xx_drivers/drivers/Inc" -O0 -ffunction-sections -fdata-sections -Wall -fstack-usage -MMD -MP -MF"drivers/Src/stm32f1xx_i2c.d" -MT"drivers/Src/stm32f1xx_i2c.o" --specs=nano.specs -mfloat-abi=soft -mthumb -o "drivers/Src/stm32f1xx_i2c.o"
../drivers/Src/stm32f1xx_i2c.c: In function 'I2C_MasterHandleRXNEIT':
../drivers/Src/stm32f1xx_i2c.c:600:3: warning: implicit declaration of function 'I2C_CloseReceiveData'; did you mean 'I2C_MasterReceiveData'? [-Wimplicit-function-declaration]
   I2C_CloseReceiveData();
   ^~~~~~~~~~~~~~~~~~~~
   I2C_MasterReceiveData
../drivers/Src/stm32f1xx_i2c.c:603:45: error: 'I2C_EV_RX_COMPLETE' undeclared (first use in this function); did you mean 'SPI_EVENT_RX_COMPLETE'?
   I2C_ApplicationEventCallback(pI2CxHandle, I2C_EV_RX_COMPLETE);
                                             ^~~~~~~~~~~~~~~~~~
                                             SPI_EVENT_RX_COMPLETE
../drivers/Src/stm32f1xx_i2c.c:603:45: note: each undeclared identifier is reported only once for each function it appears in
../drivers/Src/stm32f1xx_i2c.c: In function 'I2C_EV_IRQHandling':
../drivers/Src/stm32f1xx_i2c.c:660:6: warning: implicit declaration of function 'I2C_CloseSendData'; did you mean 'I2C_MasterSendData'? [-Wimplicit-function-declaration]
      I2C_CloseSendData();
      ^~~~~~~~~~~~~~~~~
      I2C_MasterSendData
../drivers/Src/stm32f1xx_i2c.c:663:48: error: 'I2C_EV_COMPLETE' undeclared (first use in this function)
      I2C_ApplicationEventCallback(pI2CxHandle, I2C_EV_COMPLETE);
                                                ^~~~~~~~~~~~~~~
../drivers/Src/stm32f1xx_i2c.c:682:45: error: 'I2C_EV_STOP' undeclared (first use in this function); did you mean 'I2C_CR1_STOP'?
   I2C_ApplicationEventCallback(pI2CxHandle, I2C_EV_STOP);
                                             ^~~~~~~~~~~
                                             I2C_CR1_STOP
make: *** [drivers/Src/subdir.mk:26: drivers/Src/stm32f1xx_i2c.o] Error 1
"make -j8 all" terminated with exit code 2. Build might be incomplete.
09:49:37 **** Incremental Build of configuration Debug for project stm32f1xx_drivers ****
make -j8 all 
arm-none-eabi-gcc "../drivers/Src/stm32f1xx_gpio.c" -mcpu=cortex-m3 -std=gnu11 -g3 -DSTM32 -DSTM32F1 -DSTM32F103C8Tx -DDEBUG -c -I../Inc -I"C:/Users/Daniela/Documents/Courses/Embedded_C/MCU1/Host_MCU1/stm32f1xx_drivers/drivers/Inc" -O0 -ffunction-sections -fdata-sections -Wall -fstack-usage -MMD -MP -MF"drivers/Src/stm32f1xx_gpio.d" -MT"drivers/Src/stm32f1xx_gpio.o" --specs=nano.specs -mfloat-abi=soft -mthumb -o "drivers/Src/stm32f1xx_gpio.o"
arm-none-eabi-gcc "../drivers/Src/stm32f1xx_i2c.c" -mcpu=cortex-m3 -std=gnu11 -g3 -DSTM32 -DSTM32F1 -DSTM32F103C8Tx -DDEBUG -c -I../Inc -I"C:/Users/Daniela/Documents/Courses/Embedded_C/MCU1/Host_MCU1/stm32f1xx_drivers/drivers/Inc" -O0 -ffunction-sections -fdata-sections -Wall -fstack-usage -MMD -MP -MF"drivers/Src/stm32f1xx_i2c.d" -MT"drivers/Src/stm32f1xx_i2c.o" --specs=nano.specs -mfloat-abi=soft -mthumb -o "drivers/Src/stm32f1xx_i2c.o"
arm-none-eabi-gcc "../drivers/Src/stm32f1xx_spi.c" -mcpu=cortex-m3 -std=gnu11 -g3 -DSTM32 -DSTM32F1 -DSTM32F103C8Tx -DDEBUG -c -I../Inc -I"C:/Users/Daniela/Documents/Courses/Embedded_C/MCU1/Host_MCU1/stm32f1xx_drivers/drivers/Inc" -O0 -ffunction-sections -fdata-sections -Wall -fstack-usage -MMD -MP -MF"drivers/Src/stm32f1xx_spi.d" -MT"drivers/Src/stm32f1xx_spi.o" --specs=nano.specs -mfloat-abi=soft -mthumb -o "drivers/Src/stm32f1xx_spi.o"
arm-none-eabi-gcc "../Src/010_Master_Rx_Testing.c" -mcpu=cortex-m3 -std=gnu11 -g3 -DSTM32 -DSTM32F1 -DSTM32F103C8Tx -DDEBUG -c -I../Inc -I"C:/Users/Daniela/Documents/Courses/Embedded_C/MCU1/Host_MCU1/stm32f1xx_drivers/drivers/Inc" -O0 -ffunction-sections -fdata-sections -Wall -fstack-usage -MMD -MP -MF"Src/010_Master_Rx_Testing.d" -MT"Src/010_Master_Rx_Testing.o" --specs=nano.specs -mfloat-abi=soft -mthumb -o "Src/010_Master_Rx_Testing.o"
../drivers/Src/stm32f1xx_i2c.c: In function 'I2C_MasterHandleRXNEIT':
../drivers/Src/stm32f1xx_i2c.c:600:3: warning: implicit declaration of function 'I2C_CloseReceiveData'; did you mean 'I2C_MasterReceiveData'? [-Wimplicit-function-declaration]
   I2C_CloseReceiveData();
   ^~~~~~~~~~~~~~~~~~~~
   I2C_MasterReceiveData
../drivers/Src/stm32f1xx_i2c.c: In function 'I2C_EV_IRQHandling':
../drivers/Src/stm32f1xx_i2c.c:660:6: warning: implicit declaration of function 'I2C_CloseSendData'; did you mean 'I2C_MasterSendData'? [-Wimplicit-function-declaration]
      I2C_CloseSendData();
      ^~~~~~~~~~~~~~~~~
      I2C_MasterSendData
arm-none-eabi-gcc -o "stm32f1xx_drivers.elf" @"objects.list"   -mcpu=cortex-m3 -T"C:\Users\Daniela\Documents\Courses\Embedded_C\MCU1\Host_MCU1\stm32f1xx_drivers\STM32F103C8TX_FLASH.ld" --specs=nosys.specs -Wl,-Map="stm32f1xx_drivers.map" -Wl,--gc-sections -static -specs=rdimon.specs -lc -lrdimon --specs=nano.specs -mfloat-abi=soft -mthumb -Wl,--start-group -lc -lm -Wl,--end-group
Finished building target: stm32f1xx_drivers.elf
 
arm-none-eabi-size   stm32f1xx_drivers.elf 
arm-none-eabi-objdump -h -S  stm32f1xx_drivers.elf  > "stm32f1xx_drivers.list"
arm-none-eabi-objcopy  -O binary  stm32f1xx_drivers.elf  "stm32f1xx_drivers.bin"
   text	   data	    bss	    dec	    hex	filename
   8584	    144	   1824	  10552	   2938	stm32f1xx_drivers.elf
Finished building: default.size.stdout
 
Finished building: stm32f1xx_drivers.bin
Finished building: stm32f1xx_drivers.list
 
 
10:02:12 **** Incremental Build of configuration Debug for project stm32f1xx_drivers ****
make -j8 all 
arm-none-eabi-gcc "../drivers/Src/stm32f1xx_gpio.c" -mcpu=cortex-m3 -std=gnu11 -g3 -DSTM32 -DSTM32F1 -DSTM32F103C8Tx -DDEBUG -c -I../Inc -I"C:/Users/Daniela/Documents/Courses/Embedded_C/MCU1/Host_MCU1/stm32f1xx_drivers/drivers/Inc" -O0 -ffunction-sections -fdata-sections -Wall -fstack-usage -MMD -MP -MF"drivers/Src/stm32f1xx_gpio.d" -MT"drivers/Src/stm32f1xx_gpio.o" --specs=nano.specs -mfloat-abi=soft -mthumb -o "drivers/Src/stm32f1xx_gpio.o"
arm-none-eabi-gcc "../drivers/Src/stm32f1xx_i2c.c" -mcpu=cortex-m3 -std=gnu11 -g3 -DSTM32 -DSTM32F1 -DSTM32F103C8Tx -DDEBUG -c -I../Inc -I"C:/Users/Daniela/Documents/Courses/Embedded_C/MCU1/Host_MCU1/stm32f1xx_drivers/drivers/Inc" -O0 -ffunction-sections -fdata-sections -Wall -fstack-usage -MMD -MP -MF"drivers/Src/stm32f1xx_i2c.d" -MT"drivers/Src/stm32f1xx_i2c.o" --specs=nano.specs -mfloat-abi=soft -mthumb -o "drivers/Src/stm32f1xx_i2c.o"
arm-none-eabi-gcc "../drivers/Src/stm32f1xx_spi.c" -mcpu=cortex-m3 -std=gnu11 -g3 -DSTM32 -DSTM32F1 -DSTM32F103C8Tx -DDEBUG -c -I../Inc -I"C:/Users/Daniela/Documents/Courses/Embedded_C/MCU1/Host_MCU1/stm32f1xx_drivers/drivers/Inc" -O0 -ffunction-sections -fdata-sections -Wall -fstack-usage -MMD -MP -MF"drivers/Src/stm32f1xx_spi.d" -MT"drivers/Src/stm32f1xx_spi.o" --specs=nano.specs -mfloat-abi=soft -mthumb -o "drivers/Src/stm32f1xx_spi.o"
arm-none-eabi-gcc "../Src/010_Master_Rx_Testing.c" -mcpu=cortex-m3 -std=gnu11 -g3 -DSTM32 -DSTM32F1 -DSTM32F103C8Tx -DDEBUG -c -I../Inc -I"C:/Users/Daniela/Documents/Courses/Embedded_C/MCU1/Host_MCU1/stm32f1xx_drivers/drivers/Inc" -O0 -ffunction-sections -fdata-sections -Wall -fstack-usage -MMD -MP -MF"Src/010_Master_Rx_Testing.d" -MT"Src/010_Master_Rx_Testing.o" --specs=nano.specs -mfloat-abi=soft -mthumb -o "Src/010_Master_Rx_Testing.o"
arm-none-eabi-gcc -o "stm32f1xx_drivers.elf" @"objects.list"   -mcpu=cortex-m3 -T"C:\Users\Daniela\Documents\Courses\Embedded_C\MCU1\Host_MCU1\stm32f1xx_drivers\STM32F103C8TX_FLASH.ld" --specs=nosys.specs -Wl,-Map="stm32f1xx_drivers.map" -Wl,--gc-sections -static -specs=rdimon.specs -lc -lrdimon --specs=nano.specs -mfloat-abi=soft -mthumb -Wl,--start-group -lc -lm -Wl,--end-group
Finished building target: stm32f1xx_drivers.elf
 
arm-none-eabi-objdump -h -S  stm32f1xx_drivers.elf  > "stm32f1xx_drivers.list"
arm-none-eabi-objcopy  -O binary  stm32f1xx_drivers.elf  "stm32f1xx_drivers.bin"
arm-none-eabi-size   stm32f1xx_drivers.elf 
   text	   data	    bss	    dec	    hex	filename
   8584	    144	   1824	  10552	   2938	stm32f1xx_drivers.elf
Finished building: default.size.stdout
Finished building: stm32f1xx_drivers.list
Finished building: stm32f1xx_drivers.bin
 
 
 
10:03:55 **** Incremental Build of configuration Debug for project stm32f1xx_drivers ****
make -j8 all 
arm-none-eabi-gcc "../drivers/Src/stm32f1xx_gpio.c" -mcpu=cortex-m3 -std=gnu11 -g3 -DSTM32 -DSTM32F1 -DSTM32F103C8Tx -DDEBUG -c -I../Inc -I"C:/Users/Daniela/Documents/Courses/Embedded_C/MCU1/Host_MCU1/stm32f1xx_drivers/drivers/Inc" -O0 -ffunction-sections -fdata-sections -Wall -fstack-usage -MMD -MP -MF"drivers/Src/stm32f1xx_gpio.d" -MT"drivers/Src/stm32f1xx_gpio.o" --specs=nano.specs -mfloat-abi=soft -mthumb -o "drivers/Src/stm32f1xx_gpio.o"
arm-none-eabi-gcc "../drivers/Src/stm32f1xx_i2c.c" -mcpu=cortex-m3 -std=gnu11 -g3 -DSTM32 -DSTM32F1 -DSTM32F103C8Tx -DDEBUG -c -I../Inc -I"C:/Users/Daniela/Documents/Courses/Embedded_C/MCU1/Host_MCU1/stm32f1xx_drivers/drivers/Inc" -O0 -ffunction-sections -fdata-sections -Wall -fstack-usage -MMD -MP -MF"drivers/Src/stm32f1xx_i2c.d" -MT"drivers/Src/stm32f1xx_i2c.o" --specs=nano.specs -mfloat-abi=soft -mthumb -o "drivers/Src/stm32f1xx_i2c.o"
arm-none-eabi-gcc "../drivers/Src/stm32f1xx_spi.c" -mcpu=cortex-m3 -std=gnu11 -g3 -DSTM32 -DSTM32F1 -DSTM32F103C8Tx -DDEBUG -c -I../Inc -I"C:/Users/Daniela/Documents/Courses/Embedded_C/MCU1/Host_MCU1/stm32f1xx_drivers/drivers/Inc" -O0 -ffunction-sections -fdata-sections -Wall -fstack-usage -MMD -MP -MF"drivers/Src/stm32f1xx_spi.d" -MT"drivers/Src/stm32f1xx_spi.o" --specs=nano.specs -mfloat-abi=soft -mthumb -o "drivers/Src/stm32f1xx_spi.o"
arm-none-eabi-gcc "../Src/010_Master_Rx_Testing.c" -mcpu=cortex-m3 -std=gnu11 -g3 -DSTM32 -DSTM32F1 -DSTM32F103C8Tx -DDEBUG -c -I../Inc -I"C:/Users/Daniela/Documents/Courses/Embedded_C/MCU1/Host_MCU1/stm32f1xx_drivers/drivers/Inc" -O0 -ffunction-sections -fdata-sections -Wall -fstack-usage -MMD -MP -MF"Src/010_Master_Rx_Testing.d" -MT"Src/010_Master_Rx_Testing.o" --specs=nano.specs -mfloat-abi=soft -mthumb -o "Src/010_Master_Rx_Testing.o"
arm-none-eabi-gcc -o "stm32f1xx_drivers.elf" @"objects.list"   -mcpu=cortex-m3 -T"C:\Users\Daniela\Documents\Courses\Embedded_C\MCU1\Host_MCU1\stm32f1xx_drivers\STM32F103C8TX_FLASH.ld" --specs=nosys.specs -Wl,-Map="stm32f1xx_drivers.map" -Wl,--gc-sections -static -specs=rdimon.specs -lc -lrdimon --specs=nano.specs -mfloat-abi=soft -mthumb -Wl,--start-group -lc -lm -Wl,--end-group
Finished building target: stm32f1xx_drivers.elf
 
arm-none-eabi-objdump -h -S  stm32f1xx_drivers.elf  > "stm32f1xx_drivers.list"
arm-none-eabi-objcopy  -O binary  stm32f1xx_drivers.elf  "stm32f1xx_drivers.bin"
arm-none-eabi-size   stm32f1xx_drivers.elf 
   text	   data	    bss	    dec	    hex	filename
   8584	    144	   1824	  10552	   2938	stm32f1xx_drivers.elf
Finished building: default.size.stdout
Finished building: stm32f1xx_drivers.bin
Finished building: stm32f1xx_drivers.list
 
 
 
10:16:40 **** Incremental Build of configuration Debug for project stm32f1xx_drivers ****
make -j8 all 
arm-none-eabi-gcc "../drivers/Src/stm32f1xx_gpio.c" -mcpu=cortex-m3 -std=gnu11 -g3 -DSTM32 -DSTM32F1 -DSTM32F103C8Tx -DDEBUG -c -I../Inc -I"C:/Users/Daniela/Documents/Courses/Embedded_C/MCU1/Host_MCU1/stm32f1xx_drivers/drivers/Inc" -O0 -ffunction-sections -fdata-sections -Wall -fstack-usage -MMD -MP -MF"drivers/Src/stm32f1xx_gpio.d" -MT"drivers/Src/stm32f1xx_gpio.o" --specs=nano.specs -mfloat-abi=soft -mthumb -o "drivers/Src/stm32f1xx_gpio.o"
arm-none-eabi-gcc "../drivers/Src/stm32f1xx_i2c.c" -mcpu=cortex-m3 -std=gnu11 -g3 -DSTM32 -DSTM32F1 -DSTM32F103C8Tx -DDEBUG -c -I../Inc -I"C:/Users/Daniela/Documents/Courses/Embedded_C/MCU1/Host_MCU1/stm32f1xx_drivers/drivers/Inc" -O0 -ffunction-sections -fdata-sections -Wall -fstack-usage -MMD -MP -MF"drivers/Src/stm32f1xx_i2c.d" -MT"drivers/Src/stm32f1xx_i2c.o" --specs=nano.specs -mfloat-abi=soft -mthumb -o "drivers/Src/stm32f1xx_i2c.o"
arm-none-eabi-gcc "../drivers/Src/stm32f1xx_spi.c" -mcpu=cortex-m3 -std=gnu11 -g3 -DSTM32 -DSTM32F1 -DSTM32F103C8Tx -DDEBUG -c -I../Inc -I"C:/Users/Daniela/Documents/Courses/Embedded_C/MCU1/Host_MCU1/stm32f1xx_drivers/drivers/Inc" -O0 -ffunction-sections -fdata-sections -Wall -fstack-usage -MMD -MP -MF"drivers/Src/stm32f1xx_spi.d" -MT"drivers/Src/stm32f1xx_spi.o" --specs=nano.specs -mfloat-abi=soft -mthumb -o "drivers/Src/stm32f1xx_spi.o"
arm-none-eabi-gcc "../Src/010_Master_Rx_Testing.c" -mcpu=cortex-m3 -std=gnu11 -g3 -DSTM32 -DSTM32F1 -DSTM32F103C8Tx -DDEBUG -c -I../Inc -I"C:/Users/Daniela/Documents/Courses/Embedded_C/MCU1/Host_MCU1/stm32f1xx_drivers/drivers/Inc" -O0 -ffunction-sections -fdata-sections -Wall -fstack-usage -MMD -MP -MF"Src/010_Master_Rx_Testing.d" -MT"Src/010_Master_Rx_Testing.o" --specs=nano.specs -mfloat-abi=soft -mthumb -o "Src/010_Master_Rx_Testing.o"
../drivers/Src/stm32f1xx_i2c.c: In function 'I2C_ER_IRQHandling':
../drivers/Src/stm32f1xx_i2c.c:753:11: error: 'pI2CHandle' undeclared (first use in this function); did you mean 'pI2CxHandle'?
  temp2 = (pI2CHandle->pI2Cx->CR2) & ( 1 << I2C_CR2_ITERREN);
           ^~~~~~~~~~
           pI2CxHandle
../drivers/Src/stm32f1xx_i2c.c:753:11: note: each undeclared identifier is reported only once for each function it appears in
make: *** [drivers/Src/subdir.mk:26: drivers/Src/stm32f1xx_i2c.o] Error 1
make: *** Waiting for unfinished jobs....
"make -j8 all" terminated with exit code 2. Build might be incomplete.
10:17:50 **** Incremental Build of configuration Debug for project stm32f1xx_drivers ****
make -j8 all 
arm-none-eabi-gcc "../drivers/Src/stm32f1xx_i2c.c" -mcpu=cortex-m3 -std=gnu11 -g3 -DSTM32 -DSTM32F1 -DSTM32F103C8Tx -DDEBUG -c -I../Inc -I"C:/Users/Daniela/Documents/Courses/Embedded_C/MCU1/Host_MCU1/stm32f1xx_drivers/drivers/Inc" -O0 -ffunction-sections -fdata-sections -Wall -fstack-usage -MMD -MP -MF"drivers/Src/stm32f1xx_i2c.d" -MT"drivers/Src/stm32f1xx_i2c.o" --specs=nano.specs -mfloat-abi=soft -mthumb -o "drivers/Src/stm32f1xx_i2c.o"
../drivers/Src/stm32f1xx_i2c.c: In function 'I2C_ER_IRQHandling':
../drivers/Src/stm32f1xx_i2c.c:753:11: error: 'pI2xCHandle' undeclared (first use in this function); did you mean 'pI2CxHandle'?
  temp2 = (pI2xCHandle->pI2Cx->CR2) & ( 1 << I2C_CR2_ITERREN);
           ^~~~~~~~~~~
           pI2CxHandle
../drivers/Src/stm32f1xx_i2c.c:753:11: note: each undeclared identifier is reported only once for each function it appears in
../drivers/Src/stm32f1xx_i2c.c:783:11: error: 'pI2CHandle' undeclared (first use in this function); did you mean 'pI2xCHandle'?
  temp1 = (pI2CHandle->pI2Cx->SR1) & ( 1 << I2C_SR1_AF);
           ^~~~~~~~~~
           pI2xCHandle
make: *** [drivers/Src/subdir.mk:26: drivers/Src/stm32f1xx_i2c.o] Error 1
"make -j8 all" terminated with exit code 2. Build might be incomplete.
10:18:07 **** Incremental Build of configuration Debug for project stm32f1xx_drivers ****
make -j8 all 
arm-none-eabi-gcc "../drivers/Src/stm32f1xx_i2c.c" -mcpu=cortex-m3 -std=gnu11 -g3 -DSTM32 -DSTM32F1 -DSTM32F103C8Tx -DDEBUG -c -I../Inc -I"C:/Users/Daniela/Documents/Courses/Embedded_C/MCU1/Host_MCU1/stm32f1xx_drivers/drivers/Inc" -O0 -ffunction-sections -fdata-sections -Wall -fstack-usage -MMD -MP -MF"drivers/Src/stm32f1xx_i2c.d" -MT"drivers/Src/stm32f1xx_i2c.o" --specs=nano.specs -mfloat-abi=soft -mthumb -o "drivers/Src/stm32f1xx_i2c.o"
../drivers/Src/stm32f1xx_i2c.c: In function 'I2C_ER_IRQHandling':
../drivers/Src/stm32f1xx_i2c.c:753:11: error: 'pI2xCHandle' undeclared (first use in this function); did you mean 'pI2CxHandle'?
  temp2 = (pI2xCHandle->pI2Cx->CR2) & ( 1 << I2C_CR2_ITERREN);
           ^~~~~~~~~~~
           pI2CxHandle
../drivers/Src/stm32f1xx_i2c.c:753:11: note: each undeclared identifier is reported only once for each function it appears in
make: *** [drivers/Src/subdir.mk:26: drivers/Src/stm32f1xx_i2c.o] Error 1
"make -j8 all" terminated with exit code 2. Build might be incomplete.
10:18:22 **** Incremental Build of configuration Debug for project stm32f1xx_drivers ****
make -j8 all 
arm-none-eabi-gcc "../drivers/Src/stm32f1xx_i2c.c" -mcpu=cortex-m3 -std=gnu11 -g3 -DSTM32 -DSTM32F1 -DSTM32F103C8Tx -DDEBUG -c -I../Inc -I"C:/Users/Daniela/Documents/Courses/Embedded_C/MCU1/Host_MCU1/stm32f1xx_drivers/drivers/Inc" -O0 -ffunction-sections -fdata-sections -Wall -fstack-usage -MMD -MP -MF"drivers/Src/stm32f1xx_i2c.d" -MT"drivers/Src/stm32f1xx_i2c.o" --specs=nano.specs -mfloat-abi=soft -mthumb -o "drivers/Src/stm32f1xx_i2c.o"
../drivers/Src/stm32f1xx_i2c.c: In function 'I2C_ER_IRQHandling':
../drivers/Src/stm32f1xx_i2c.c:757:11: error: 'pI2xCHandle' undeclared (first use in this function); did you mean 'pI2CxHandle'?
  temp1 = (pI2xCHandle->pI2Cx->SR1) & ( 1<< I2C_SR1_BERR);
           ^~~~~~~~~~~
           pI2CxHandle
../drivers/Src/stm32f1xx_i2c.c:757:11: note: each undeclared identifier is reported only once for each function it appears in
make: *** [drivers/Src/subdir.mk:26: drivers/Src/stm32f1xx_i2c.o] Error 1
"make -j8 all" terminated with exit code 2. Build might be incomplete.
10:18:34 **** Incremental Build of configuration Debug for project stm32f1xx_drivers ****
make -j8 all 
arm-none-eabi-gcc "../drivers/Src/stm32f1xx_i2c.c" -mcpu=cortex-m3 -std=gnu11 -g3 -DSTM32 -DSTM32F1 -DSTM32F103C8Tx -DDEBUG -c -I../Inc -I"C:/Users/Daniela/Documents/Courses/Embedded_C/MCU1/Host_MCU1/stm32f1xx_drivers/drivers/Inc" -O0 -ffunction-sections -fdata-sections -Wall -fstack-usage -MMD -MP -MF"drivers/Src/stm32f1xx_i2c.d" -MT"drivers/Src/stm32f1xx_i2c.o" --specs=nano.specs -mfloat-abi=soft -mthumb -o "drivers/Src/stm32f1xx_i2c.o"
../drivers/Src/stm32f1xx_i2c.c: In function 'I2C_ER_IRQHandling':
../drivers/Src/stm32f1xx_i2c.c:765:32: error: 'pI2xCHandle' undeclared (first use in this function); did you mean 'pI2CxHandle'?
   I2C_ApplicationEventCallback(pI2xCHandle,I2C_ERROR_BERR);
                                ^~~~~~~~~~~
                                pI2CxHandle
../drivers/Src/stm32f1xx_i2c.c:765:32: note: each undeclared identifier is reported only once for each function it appears in
make: *** [drivers/Src/subdir.mk:26: drivers/Src/stm32f1xx_i2c.o] Error 1
"make -j8 all" terminated with exit code 2. Build might be incomplete.
10:18:47 **** Incremental Build of configuration Debug for project stm32f1xx_drivers ****
make -j8 all 
arm-none-eabi-gcc "../drivers/Src/stm32f1xx_i2c.c" -mcpu=cortex-m3 -std=gnu11 -g3 -DSTM32 -DSTM32F1 -DSTM32F103C8Tx -DDEBUG -c -I../Inc -I"C:/Users/Daniela/Documents/Courses/Embedded_C/MCU1/Host_MCU1/stm32f1xx_drivers/drivers/Inc" -O0 -ffunction-sections -fdata-sections -Wall -fstack-usage -MMD -MP -MF"drivers/Src/stm32f1xx_i2c.d" -MT"drivers/Src/stm32f1xx_i2c.o" --specs=nano.specs -mfloat-abi=soft -mthumb -o "drivers/Src/stm32f1xx_i2c.o"
../drivers/Src/stm32f1xx_i2c.c: In function 'I2C_ER_IRQHandling':
../drivers/Src/stm32f1xx_i2c.c:769:11: error: 'pI2xCHandle' undeclared (first use in this function); did you mean 'pI2CxHandle'?
  temp1 = (pI2xCHandle->pI2Cx->SR1) & ( 1 << I2C_SR1_ARLO );
           ^~~~~~~~~~~
           pI2CxHandle
../drivers/Src/stm32f1xx_i2c.c:769:11: note: each undeclared identifier is reported only once for each function it appears in
make: *** [drivers/Src/subdir.mk:26: drivers/Src/stm32f1xx_i2c.o] Error 1
"make -j8 all" terminated with exit code 2. Build might be incomplete.
10:19:02 **** Incremental Build of configuration Debug for project stm32f1xx_drivers ****
make -j8 all 
arm-none-eabi-gcc "../drivers/Src/stm32f1xx_i2c.c" -mcpu=cortex-m3 -std=gnu11 -g3 -DSTM32 -DSTM32F1 -DSTM32F103C8Tx -DDEBUG -c -I../Inc -I"C:/Users/Daniela/Documents/Courses/Embedded_C/MCU1/Host_MCU1/stm32f1xx_drivers/drivers/Inc" -O0 -ffunction-sections -fdata-sections -Wall -fstack-usage -MMD -MP -MF"drivers/Src/stm32f1xx_i2c.d" -MT"drivers/Src/stm32f1xx_i2c.o" --specs=nano.specs -mfloat-abi=soft -mthumb -o "drivers/Src/stm32f1xx_i2c.o"
arm-none-eabi-gcc -o "stm32f1xx_drivers.elf" @"objects.list"   -mcpu=cortex-m3 -T"C:\Users\Daniela\Documents\Courses\Embedded_C\MCU1\Host_MCU1\stm32f1xx_drivers\STM32F103C8TX_FLASH.ld" --specs=nosys.specs -Wl,-Map="stm32f1xx_drivers.map" -Wl,--gc-sections -static -specs=rdimon.specs -lc -lrdimon --specs=nano.specs -mfloat-abi=soft -mthumb -Wl,--start-group -lc -lm -Wl,--end-group
Finished building target: stm32f1xx_drivers.elf
 
arm-none-eabi-objdump -h -S  stm32f1xx_drivers.elf  > "stm32f1xx_drivers.list"
arm-none-eabi-objcopy  -O binary  stm32f1xx_drivers.elf  "stm32f1xx_drivers.bin"
arm-none-eabi-size   stm32f1xx_drivers.elf 
   text	   data	    bss	    dec	    hex	filename
   8584	    144	   1824	  10552	   2938	stm32f1xx_drivers.elf
Finished building: default.size.stdout
Finished building: stm32f1xx_drivers.bin
Finished building: stm32f1xx_drivers.list
 
 
 
17:09:40 **** Clean-only build of configuration Debug for project stm32f1xx_drivers ****
make -j8 clean 
rm -rf *
 
17:09:41 **** Incremental Build of configuration Debug for project stm32f1xx_drivers ****
make -j8 all 
arm-none-eabi-gcc "../drivers/Src/stm32f1xx_gpio.c" -mcpu=cortex-m3 -std=gnu11 -g3 -DSTM32 -DSTM32F1 -DSTM32F103C8Tx -DDEBUG -c -I../Inc -I"C:/Users/Daniela/Documents/Courses/Embedded_C/MCU1/Host_MCU1/stm32f1xx_drivers/drivers/Inc" -O0 -ffunction-sections -fdata-sections -Wall -fstack-usage -MMD -MP -MF"drivers/Src/stm32f1xx_gpio.d" -MT"drivers/Src/stm32f1xx_gpio.o" --specs=nano.specs -mfloat-abi=soft -mthumb -o "drivers/Src/stm32f1xx_gpio.o"
arm-none-eabi-gcc "../drivers/Src/stm32f1xx_i2c.c" -mcpu=cortex-m3 -std=gnu11 -g3 -DSTM32 -DSTM32F1 -DSTM32F103C8Tx -DDEBUG -c -I../Inc -I"C:/Users/Daniela/Documents/Courses/Embedded_C/MCU1/Host_MCU1/stm32f1xx_drivers/drivers/Inc" -O0 -ffunction-sections -fdata-sections -Wall -fstack-usage -MMD -MP -MF"drivers/Src/stm32f1xx_i2c.d" -MT"drivers/Src/stm32f1xx_i2c.o" --specs=nano.specs -mfloat-abi=soft -mthumb -o "drivers/Src/stm32f1xx_i2c.o"
arm-none-eabi-gcc "../drivers/Src/stm32f1xx_spi.c" -mcpu=cortex-m3 -std=gnu11 -g3 -DSTM32 -DSTM32F1 -DSTM32F103C8Tx -DDEBUG -c -I../Inc -I"C:/Users/Daniela/Documents/Courses/Embedded_C/MCU1/Host_MCU1/stm32f1xx_drivers/drivers/Inc" -O0 -ffunction-sections -fdata-sections -Wall -fstack-usage -MMD -MP -MF"drivers/Src/stm32f1xx_spi.d" -MT"drivers/Src/stm32f1xx_spi.o" --specs=nano.specs -mfloat-abi=soft -mthumb -o "drivers/Src/stm32f1xx_spi.o"
arm-none-eabi-gcc -mcpu=cortex-m3 -g3 -c -x assembler-with-cpp --specs=nano.specs -mfloat-abi=soft -mthumb -o "Startup/startup_stm32f103c8tx.o" "../Startup/startup_stm32f103c8tx.s"
arm-none-eabi-gcc "../Src/011_Master_Rx_Testing_IT.c" -mcpu=cortex-m3 -std=gnu11 -g3 -DSTM32 -DSTM32F1 -DSTM32F103C8Tx -DDEBUG -c -I../Inc -I"C:/Users/Daniela/Documents/Courses/Embedded_C/MCU1/Host_MCU1/stm32f1xx_drivers/drivers/Inc" -O0 -ffunction-sections -fdata-sections -Wall -fstack-usage -MMD -MP -MF"Src/011_Master_Rx_Testing_IT.d" -MT"Src/011_Master_Rx_Testing_IT.o" --specs=nano.specs -mfloat-abi=soft -mthumb -o "Src/011_Master_Rx_Testing_IT.o"
../Src/011_Master_Rx_Testing_IT.c: In function 'I2C1_EV_IRQHandler':
../Src/011_Master_Rx_Testing_IT.c:120:22: error: 'I2C1Handling' undeclared (first use in this function); did you mean 'I2C1Handle'?
  I2C1_EV_IRQHandler(&I2C1Handling);
                      ^~~~~~~~~~~~
                      I2C1Handle
../Src/011_Master_Rx_Testing_IT.c:120:22: note: each undeclared identifier is reported only once for each function it appears in
../Src/011_Master_Rx_Testing_IT.c:120:2: error: too many arguments to function 'I2C1_EV_IRQHandler'
  I2C1_EV_IRQHandler(&I2C1Handling);
  ^~~~~~~~~~~~~~~~~~
../Src/011_Master_Rx_Testing_IT.c:119:6: note: declared here
 void I2C1_EV_IRQHandler (void){
      ^~~~~~~~~~~~~~~~~~
../Src/011_Master_Rx_Testing_IT.c: In function 'I2C1_ER_IRQHandler':
../Src/011_Master_Rx_Testing_IT.c:125:22: error: 'I2C1Handling' undeclared (first use in this function); did you mean 'I2C1Handle'?
  I2C1_ER_IRQHandler(&I2C1Handling);
                      ^~~~~~~~~~~~
                      I2C1Handle
../Src/011_Master_Rx_Testing_IT.c:125:2: error: too many arguments to function 'I2C1_ER_IRQHandler'
  I2C1_ER_IRQHandler(&I2C1Handling);
  ^~~~~~~~~~~~~~~~~~
../Src/011_Master_Rx_Testing_IT.c:124:6: note: declared here
 void I2C1_ER_IRQHandler (void){
      ^~~~~~~~~~~~~~~~~~
../Src/011_Master_Rx_Testing_IT.c: In function 'I2C_ApplicationEventCallback':
../Src/011_Master_Rx_Testing_IT.c:138:21: error: incompatible type for argument 1 of 'I2C_CloseSendData'
   I2C_CloseSendData(I2C1Handle);
                     ^~~~~~~~~~
In file included from C:/Users/Daniela/Documents/Courses/Embedded_C/MCU1/Host_MCU1/stm32f1xx_drivers/drivers/Inc/stm32f103xx.h:371:0,
                 from ../Src/011_Master_Rx_Testing_IT.c:10:
C:/Users/Daniela/Documents/Courses/Embedded_C/MCU1/Host_MCU1/stm32f1xx_drivers/drivers/Inc/stm32f1xx_i2c.h:100:6: note: expected 'I2C_Handle_t * {aka struct <anonymous> *}' but argument is of type 'I2C_Handle_t {aka struct <anonymous>}'
 void I2C_CloseSendData (I2C_Handle_t *pI2CxHandle);
      ^~~~~~~~~~~~~~~~~
../Src/011_Master_Rx_Testing_IT.c:148:21: error: incompatible type for argument 1 of 'I2C_CloseSendData'
   I2C_CloseSendData(I2C1Handle);
                     ^~~~~~~~~~
In file included from C:/Users/Daniela/Documents/Courses/Embedded_C/MCU1/Host_MCU1/stm32f1xx_drivers/drivers/Inc/stm32f103xx.h:371:0,
                 from ../Src/011_Master_Rx_Testing_IT.c:10:
C:/Users/Daniela/Documents/Courses/Embedded_C/MCU1/Host_MCU1/stm32f1xx_drivers/drivers/Inc/stm32f1xx_i2c.h:100:6: note: expected 'I2C_Handle_t * {aka struct <anonymous> *}' but argument is of type 'I2C_Handle_t {aka struct <anonymous>}'
 void I2C_CloseSendData (I2C_Handle_t *pI2CxHandle);
      ^~~~~~~~~~~~~~~~~
../Src/011_Master_Rx_Testing_IT.c:158:21: error: incompatible type for argument 1 of 'I2C_CloseSendData'
   I2C_CloseSendData(I2C1Handle);
                     ^~~~~~~~~~
In file included from C:/Users/Daniela/Documents/Courses/Embedded_C/MCU1/Host_MCU1/stm32f1xx_drivers/drivers/Inc/stm32f103xx.h:371:0,
                 from ../Src/011_Master_Rx_Testing_IT.c:10:
C:/Users/Daniela/Documents/Courses/Embedded_C/MCU1/Host_MCU1/stm32f1xx_drivers/drivers/Inc/stm32f1xx_i2c.h:100:6: note: expected 'I2C_Handle_t * {aka struct <anonymous> *}' but argument is of type 'I2C_Handle_t {aka struct <anonymous>}'
 void I2C_CloseSendData (I2C_Handle_t *pI2CxHandle);
      ^~~~~~~~~~~~~~~~~
../Src/011_Master_Rx_Testing_IT.c:168:21: error: incompatible type for argument 1 of 'I2C_CloseSendData'
   I2C_CloseSendData(I2C1Handle);
                     ^~~~~~~~~~
In file included from C:/Users/Daniela/Documents/Courses/Embedded_C/MCU1/Host_MCU1/stm32f1xx_drivers/drivers/Inc/stm32f103xx.h:371:0,
                 from ../Src/011_Master_Rx_Testing_IT.c:10:
C:/Users/Daniela/Documents/Courses/Embedded_C/MCU1/Host_MCU1/stm32f1xx_drivers/drivers/Inc/stm32f1xx_i2c.h:100:6: note: expected 'I2C_Handle_t * {aka struct <anonymous> *}' but argument is of type 'I2C_Handle_t {aka struct <anonymous>}'
 void I2C_CloseSendData (I2C_Handle_t *pI2CxHandle);
      ^~~~~~~~~~~~~~~~~
../Src/011_Master_Rx_Testing_IT.c:178:21: error: incompatible type for argument 1 of 'I2C_CloseSendData'
   I2C_CloseSendData(I2C1Handle);
                     ^~~~~~~~~~
In file included from C:/Users/Daniela/Documents/Courses/Embedded_C/MCU1/Host_MCU1/stm32f1xx_drivers/drivers/Inc/stm32f103xx.h:371:0,
                 from ../Src/011_Master_Rx_Testing_IT.c:10:
C:/Users/Daniela/Documents/Courses/Embedded_C/MCU1/Host_MCU1/stm32f1xx_drivers/drivers/Inc/stm32f1xx_i2c.h:100:6: note: expected 'I2C_Handle_t * {aka struct <anonymous> *}' but argument is of type 'I2C_Handle_t {aka struct <anonymous>}'
 void I2C_CloseSendData (I2C_Handle_t *pI2CxHandle);
      ^~~~~~~~~~~~~~~~~
make: *** [Src/subdir.mk:18: Src/011_Master_Rx_Testing_IT.o] Error 1
"make -j8 all" terminated with exit code 2. Build might be incomplete.
17:10:24 **** Incremental Build of configuration Debug for project stm32f1xx_drivers ****
make -j8 all 
arm-none-eabi-gcc "../Src/011_Master_Rx_Testing_IT.c" -mcpu=cortex-m3 -std=gnu11 -g3 -DSTM32 -DSTM32F1 -DSTM32F103C8Tx -DDEBUG -c -I../Inc -I"C:/Users/Daniela/Documents/Courses/Embedded_C/MCU1/Host_MCU1/stm32f1xx_drivers/drivers/Inc" -O0 -ffunction-sections -fdata-sections -Wall -fstack-usage -MMD -MP -MF"Src/011_Master_Rx_Testing_IT.d" -MT"Src/011_Master_Rx_Testing_IT.o" --specs=nano.specs -mfloat-abi=soft -mthumb -o "Src/011_Master_Rx_Testing_IT.o"
../Src/011_Master_Rx_Testing_IT.c: In function 'I2C1_EV_IRQHandler':
../Src/011_Master_Rx_Testing_IT.c:120:2: error: too many arguments to function 'I2C1_EV_IRQHandler'
  I2C1_EV_IRQHandler(&I2C1Handle);
  ^~~~~~~~~~~~~~~~~~
../Src/011_Master_Rx_Testing_IT.c:119:6: note: declared here
 void I2C1_EV_IRQHandler (void){
      ^~~~~~~~~~~~~~~~~~
../Src/011_Master_Rx_Testing_IT.c: In function 'I2C1_ER_IRQHandler':
../Src/011_Master_Rx_Testing_IT.c:125:2: error: too many arguments to function 'I2C1_ER_IRQHandler'
  I2C1_ER_IRQHandler(&I2C1Handle);
  ^~~~~~~~~~~~~~~~~~
../Src/011_Master_Rx_Testing_IT.c:124:6: note: declared here
 void I2C1_ER_IRQHandler (void){
      ^~~~~~~~~~~~~~~~~~
../Src/011_Master_Rx_Testing_IT.c: In function 'I2C_ApplicationEventCallback':
../Src/011_Master_Rx_Testing_IT.c:138:21: error: incompatible type for argument 1 of 'I2C_CloseSendData'
   I2C_CloseSendData(I2C1Handle);
                     ^~~~~~~~~~
In file included from C:/Users/Daniela/Documents/Courses/Embedded_C/MCU1/Host_MCU1/stm32f1xx_drivers/drivers/Inc/stm32f103xx.h:371:0,
                 from ../Src/011_Master_Rx_Testing_IT.c:10:
C:/Users/Daniela/Documents/Courses/Embedded_C/MCU1/Host_MCU1/stm32f1xx_drivers/drivers/Inc/stm32f1xx_i2c.h:100:6: note: expected 'I2C_Handle_t * {aka struct <anonymous> *}' but argument is of type 'I2C_Handle_t {aka struct <anonymous>}'
 void I2C_CloseSendData (I2C_Handle_t *pI2CxHandle);
      ^~~~~~~~~~~~~~~~~
../Src/011_Master_Rx_Testing_IT.c:148:21: error: incompatible type for argument 1 of 'I2C_CloseSendData'
   I2C_CloseSendData(I2C1Handle);
                     ^~~~~~~~~~
In file included from C:/Users/Daniela/Documents/Courses/Embedded_C/MCU1/Host_MCU1/stm32f1xx_drivers/drivers/Inc/stm32f103xx.h:371:0,
                 from ../Src/011_Master_Rx_Testing_IT.c:10:
C:/Users/Daniela/Documents/Courses/Embedded_C/MCU1/Host_MCU1/stm32f1xx_drivers/drivers/Inc/stm32f1xx_i2c.h:100:6: note: expected 'I2C_Handle_t * {aka struct <anonymous> *}' but argument is of type 'I2C_Handle_t {aka struct <anonymous>}'
 void I2C_CloseSendData (I2C_Handle_t *pI2CxHandle);
      ^~~~~~~~~~~~~~~~~
../Src/011_Master_Rx_Testing_IT.c:158:21: error: incompatible type for argument 1 of 'I2C_CloseSendData'
   I2C_CloseSendData(I2C1Handle);
                     ^~~~~~~~~~
In file included from C:/Users/Daniela/Documents/Courses/Embedded_C/MCU1/Host_MCU1/stm32f1xx_drivers/drivers/Inc/stm32f103xx.h:371:0,
                 from ../Src/011_Master_Rx_Testing_IT.c:10:
C:/Users/Daniela/Documents/Courses/Embedded_C/MCU1/Host_MCU1/stm32f1xx_drivers/drivers/Inc/stm32f1xx_i2c.h:100:6: note: expected 'I2C_Handle_t * {aka struct <anonymous> *}' but argument is of type 'I2C_Handle_t {aka struct <anonymous>}'
 void I2C_CloseSendData (I2C_Handle_t *pI2CxHandle);
      ^~~~~~~~~~~~~~~~~
../Src/011_Master_Rx_Testing_IT.c:168:21: error: incompatible type for argument 1 of 'I2C_CloseSendData'
   I2C_CloseSendData(I2C1Handle);
                     ^~~~~~~~~~
In file included from C:/Users/Daniela/Documents/Courses/Embedded_C/MCU1/Host_MCU1/stm32f1xx_drivers/drivers/Inc/stm32f103xx.h:371:0,
                 from ../Src/011_Master_Rx_Testing_IT.c:10:
C:/Users/Daniela/Documents/Courses/Embedded_C/MCU1/Host_MCU1/stm32f1xx_drivers/drivers/Inc/stm32f1xx_i2c.h:100:6: note: expected 'I2C_Handle_t * {aka struct <anonymous> *}' but argument is of type 'I2C_Handle_t {aka struct <anonymous>}'
 void I2C_CloseSendData (I2C_Handle_t *pI2CxHandle);
      ^~~~~~~~~~~~~~~~~
../Src/011_Master_Rx_Testing_IT.c:178:21: error: incompatible type for argument 1 of 'I2C_CloseSendData'
   I2C_CloseSendData(I2C1Handle);
                     ^~~~~~~~~~
In file included from C:/Users/Daniela/Documents/Courses/Embedded_C/MCU1/Host_MCU1/stm32f1xx_drivers/drivers/Inc/stm32f103xx.h:371:0,
                 from ../Src/011_Master_Rx_Testing_IT.c:10:
C:/Users/Daniela/Documents/Courses/Embedded_C/MCU1/Host_MCU1/stm32f1xx_drivers/drivers/Inc/stm32f1xx_i2c.h:100:6: note: expected 'I2C_Handle_t * {aka struct <anonymous> *}' but argument is of type 'I2C_Handle_t {aka struct <anonymous>}'
 void I2C_CloseSendData (I2C_Handle_t *pI2CxHandle);
      ^~~~~~~~~~~~~~~~~
make: *** [Src/subdir.mk:18: Src/011_Master_Rx_Testing_IT.o] Error 1
"make -j8 all" terminated with exit code 2. Build might be incomplete.
17:12:05 **** Incremental Build of configuration Debug for project stm32f1xx_drivers ****
make -j8 all 
arm-none-eabi-gcc "../Src/011_Master_Rx_Testing_IT.c" -mcpu=cortex-m3 -std=gnu11 -g3 -DSTM32 -DSTM32F1 -DSTM32F103C8Tx -DDEBUG -c -I../Inc -I"C:/Users/Daniela/Documents/Courses/Embedded_C/MCU1/Host_MCU1/stm32f1xx_drivers/drivers/Inc" -O0 -ffunction-sections -fdata-sections -Wall -fstack-usage -MMD -MP -MF"Src/011_Master_Rx_Testing_IT.d" -MT"Src/011_Master_Rx_Testing_IT.o" --specs=nano.specs -mfloat-abi=soft -mthumb -o "Src/011_Master_Rx_Testing_IT.o"
../Src/011_Master_Rx_Testing_IT.c: In function 'I2C_ApplicationEventCallback':
../Src/011_Master_Rx_Testing_IT.c:138:21: error: incompatible type for argument 1 of 'I2C_CloseSendData'
   I2C_CloseSendData(I2C1Handle);
                     ^~~~~~~~~~
In file included from C:/Users/Daniela/Documents/Courses/Embedded_C/MCU1/Host_MCU1/stm32f1xx_drivers/drivers/Inc/stm32f103xx.h:371:0,
                 from ../Src/011_Master_Rx_Testing_IT.c:10:
C:/Users/Daniela/Documents/Courses/Embedded_C/MCU1/Host_MCU1/stm32f1xx_drivers/drivers/Inc/stm32f1xx_i2c.h:100:6: note: expected 'I2C_Handle_t * {aka struct <anonymous> *}' but argument is of type 'I2C_Handle_t {aka struct <anonymous>}'
 void I2C_CloseSendData (I2C_Handle_t *pI2CxHandle);
      ^~~~~~~~~~~~~~~~~
../Src/011_Master_Rx_Testing_IT.c:148:21: error: incompatible type for argument 1 of 'I2C_CloseSendData'
   I2C_CloseSendData(I2C1Handle);
                     ^~~~~~~~~~
In file included from C:/Users/Daniela/Documents/Courses/Embedded_C/MCU1/Host_MCU1/stm32f1xx_drivers/drivers/Inc/stm32f103xx.h:371:0,
                 from ../Src/011_Master_Rx_Testing_IT.c:10:
C:/Users/Daniela/Documents/Courses/Embedded_C/MCU1/Host_MCU1/stm32f1xx_drivers/drivers/Inc/stm32f1xx_i2c.h:100:6: note: expected 'I2C_Handle_t * {aka struct <anonymous> *}' but argument is of type 'I2C_Handle_t {aka struct <anonymous>}'
 void I2C_CloseSendData (I2C_Handle_t *pI2CxHandle);
      ^~~~~~~~~~~~~~~~~
../Src/011_Master_Rx_Testing_IT.c:158:21: error: incompatible type for argument 1 of 'I2C_CloseSendData'
   I2C_CloseSendData(I2C1Handle);
                     ^~~~~~~~~~
In file included from C:/Users/Daniela/Documents/Courses/Embedded_C/MCU1/Host_MCU1/stm32f1xx_drivers/drivers/Inc/stm32f103xx.h:371:0,
                 from ../Src/011_Master_Rx_Testing_IT.c:10:
C:/Users/Daniela/Documents/Courses/Embedded_C/MCU1/Host_MCU1/stm32f1xx_drivers/drivers/Inc/stm32f1xx_i2c.h:100:6: note: expected 'I2C_Handle_t * {aka struct <anonymous> *}' but argument is of type 'I2C_Handle_t {aka struct <anonymous>}'
 void I2C_CloseSendData (I2C_Handle_t *pI2CxHandle);
      ^~~~~~~~~~~~~~~~~
../Src/011_Master_Rx_Testing_IT.c:168:21: error: incompatible type for argument 1 of 'I2C_CloseSendData'
   I2C_CloseSendData(I2C1Handle);
                     ^~~~~~~~~~
In file included from C:/Users/Daniela/Documents/Courses/Embedded_C/MCU1/Host_MCU1/stm32f1xx_drivers/drivers/Inc/stm32f103xx.h:371:0,
                 from ../Src/011_Master_Rx_Testing_IT.c:10:
C:/Users/Daniela/Documents/Courses/Embedded_C/MCU1/Host_MCU1/stm32f1xx_drivers/drivers/Inc/stm32f1xx_i2c.h:100:6: note: expected 'I2C_Handle_t * {aka struct <anonymous> *}' but argument is of type 'I2C_Handle_t {aka struct <anonymous>}'
 void I2C_CloseSendData (I2C_Handle_t *pI2CxHandle);
      ^~~~~~~~~~~~~~~~~
../Src/011_Master_Rx_Testing_IT.c:178:21: error: incompatible type for argument 1 of 'I2C_CloseSendData'
   I2C_CloseSendData(I2C1Handle);
                     ^~~~~~~~~~
In file included from C:/Users/Daniela/Documents/Courses/Embedded_C/MCU1/Host_MCU1/stm32f1xx_drivers/drivers/Inc/stm32f103xx.h:371:0,
                 from ../Src/011_Master_Rx_Testing_IT.c:10:
C:/Users/Daniela/Documents/Courses/Embedded_C/MCU1/Host_MCU1/stm32f1xx_drivers/drivers/Inc/stm32f1xx_i2c.h:100:6: note: expected 'I2C_Handle_t * {aka struct <anonymous> *}' but argument is of type 'I2C_Handle_t {aka struct <anonymous>}'
 void I2C_CloseSendData (I2C_Handle_t *pI2CxHandle);
      ^~~~~~~~~~~~~~~~~
make: *** [Src/subdir.mk:18: Src/011_Master_Rx_Testing_IT.o] Error 1
"make -j8 all" terminated with exit code 2. Build might be incomplete.
17:14:00 **** Incremental Build of configuration Debug for project stm32f1xx_drivers ****
make -j8 all 
arm-none-eabi-gcc "../Src/011_Master_Rx_Testing_IT.c" -mcpu=cortex-m3 -std=gnu11 -g3 -DSTM32 -DSTM32F1 -DSTM32F103C8Tx -DDEBUG -c -I../Inc -I"C:/Users/Daniela/Documents/Courses/Embedded_C/MCU1/Host_MCU1/stm32f1xx_drivers/drivers/Inc" -O0 -ffunction-sections -fdata-sections -Wall -fstack-usage -MMD -MP -MF"Src/011_Master_Rx_Testing_IT.d" -MT"Src/011_Master_Rx_Testing_IT.o" --specs=nano.specs -mfloat-abi=soft -mthumb -o "Src/011_Master_Rx_Testing_IT.o"
arm-none-eabi-gcc -o "stm32f1xx_drivers.elf" @"objects.list"   -mcpu=cortex-m3 -T"C:\Users\Daniela\Documents\Courses\Embedded_C\MCU1\Host_MCU1\stm32f1xx_drivers\STM32F103C8TX_FLASH.ld" --specs=nosys.specs -Wl,-Map="stm32f1xx_drivers.map" -Wl,--gc-sections -static -specs=rdimon.specs -lc -lrdimon --specs=nano.specs -mfloat-abi=soft -mthumb -Wl,--start-group -lc -lm -Wl,--end-group
Finished building target: stm32f1xx_drivers.elf
 
arm-none-eabi-size   stm32f1xx_drivers.elf 
arm-none-eabi-objdump -h -S  stm32f1xx_drivers.elf  > "stm32f1xx_drivers.list"
arm-none-eabi-objcopy  -O binary  stm32f1xx_drivers.elf  "stm32f1xx_drivers.bin"
   text	   data	    bss	    dec	    hex	filename
   9940	    144	   1824	  11908	   2e84	stm32f1xx_drivers.elf
Finished building: default.size.stdout
 
Finished building: stm32f1xx_drivers.bin
Finished building: stm32f1xx_drivers.list
 
 
17:15:18 **** Incremental Build of configuration Debug for project stm32f1xx_drivers ****
make -j8 all 
arm-none-eabi-gcc "../Src/011_Master_Rx_Testing_IT.c" -mcpu=cortex-m3 -std=gnu11 -g3 -DSTM32 -DSTM32F1 -DSTM32F103C8Tx -DDEBUG -c -I../Inc -I"C:/Users/Daniela/Documents/Courses/Embedded_C/MCU1/Host_MCU1/stm32f1xx_drivers/drivers/Inc" -O0 -ffunction-sections -fdata-sections -Wall -fstack-usage -MMD -MP -MF"Src/011_Master_Rx_Testing_IT.d" -MT"Src/011_Master_Rx_Testing_IT.o" --specs=nano.specs -mfloat-abi=soft -mthumb -o "Src/011_Master_Rx_Testing_IT.o"
arm-none-eabi-gcc -o "stm32f1xx_drivers.elf" @"objects.list"   -mcpu=cortex-m3 -T"C:\Users\Daniela\Documents\Courses\Embedded_C\MCU1\Host_MCU1\stm32f1xx_drivers\STM32F103C8TX_FLASH.ld" --specs=nosys.specs -Wl,-Map="stm32f1xx_drivers.map" -Wl,--gc-sections -static -specs=rdimon.specs -lc -lrdimon --specs=nano.specs -mfloat-abi=soft -mthumb -Wl,--start-group -lc -lm -Wl,--end-group
Finished building target: stm32f1xx_drivers.elf
 
arm-none-eabi-objdump -h -S  stm32f1xx_drivers.elf  > "stm32f1xx_drivers.list"
arm-none-eabi-objcopy  -O binary  stm32f1xx_drivers.elf  "stm32f1xx_drivers.bin"
arm-none-eabi-size   stm32f1xx_drivers.elf 
   text	   data	    bss	    dec	    hex	filename
   9936	    144	   1824	  11904	   2e80	stm32f1xx_drivers.elf
Finished building: default.size.stdout
Finished building: stm32f1xx_drivers.bin
Finished building: stm32f1xx_drivers.list
 
 
 
17:19:53 **** Incremental Build of configuration Debug for project stm32f1xx_drivers ****
make -j8 all 
arm-none-eabi-gcc "../Src/011_Master_Rx_Testing_IT.c" -mcpu=cortex-m3 -std=gnu11 -g3 -DSTM32 -DSTM32F1 -DSTM32F103C8Tx -DDEBUG -c -I../Inc -I"C:/Users/Daniela/Documents/Courses/Embedded_C/MCU1/Host_MCU1/stm32f1xx_drivers/drivers/Inc" -O0 -ffunction-sections -fdata-sections -Wall -fstack-usage -MMD -MP -MF"Src/011_Master_Rx_Testing_IT.d" -MT"Src/011_Master_Rx_Testing_IT.o" --specs=nano.specs -mfloat-abi=soft -mthumb -o "Src/011_Master_Rx_Testing_IT.o"
../Src/011_Master_Rx_Testing_IT.c: In function 'I2C_ApplicationEventCallback':
../Src/011_Master_Rx_Testing_IT.c:139:12: error: 'TRUE' undeclared (first use in this function)
   rxComp = TRUE;
            ^~~~
../Src/011_Master_Rx_Testing_IT.c:139:12: note: each undeclared identifier is reported only once for each function it appears in
make: *** [Src/subdir.mk:18: Src/011_Master_Rx_Testing_IT.o] Error 1
"make -j8 all" terminated with exit code 2. Build might be incomplete.
17:20:08 **** Incremental Build of configuration Debug for project stm32f1xx_drivers ****
make -j8 all 
arm-none-eabi-gcc "../Src/011_Master_Rx_Testing_IT.c" -mcpu=cortex-m3 -std=gnu11 -g3 -DSTM32 -DSTM32F1 -DSTM32F103C8Tx -DDEBUG -c -I../Inc -I"C:/Users/Daniela/Documents/Courses/Embedded_C/MCU1/Host_MCU1/stm32f1xx_drivers/drivers/Inc" -O0 -ffunction-sections -fdata-sections -Wall -fstack-usage -MMD -MP -MF"Src/011_Master_Rx_Testing_IT.d" -MT"Src/011_Master_Rx_Testing_IT.o" --specs=nano.specs -mfloat-abi=soft -mthumb -o "Src/011_Master_Rx_Testing_IT.o"
arm-none-eabi-gcc -o "stm32f1xx_drivers.elf" @"objects.list"   -mcpu=cortex-m3 -T"C:\Users\Daniela\Documents\Courses\Embedded_C\MCU1\Host_MCU1\stm32f1xx_drivers\STM32F103C8TX_FLASH.ld" --specs=nosys.specs -Wl,-Map="stm32f1xx_drivers.map" -Wl,--gc-sections -static -specs=rdimon.specs -lc -lrdimon --specs=nano.specs -mfloat-abi=soft -mthumb -Wl,--start-group -lc -lm -Wl,--end-group
Finished building target: stm32f1xx_drivers.elf
 
arm-none-eabi-objdump -h -S  stm32f1xx_drivers.elf  > "stm32f1xx_drivers.list"
arm-none-eabi-objcopy  -O binary  stm32f1xx_drivers.elf  "stm32f1xx_drivers.bin"
arm-none-eabi-size   stm32f1xx_drivers.elf 
   text	   data	    bss	    dec	    hex	filename
   9964	    144	   1832	  11940	   2ea4	stm32f1xx_drivers.elf
Finished building: default.size.stdout
Finished building: stm32f1xx_drivers.bin
Finished building: stm32f1xx_drivers.list
 
 
 
