stm32f1xx_spi.c:25:6:SPI_PeriClkCtrl	16	static
stm32f1xx_spi.c:54:6:SPI_Init	24	static
stm32f1xx_spi.c:100:6:SPI_DeInit	16	static
stm32f1xx_spi.c:118:9:SPI_GetFlagStatus	16	static
stm32f1xx_spi.c:137:6:SPI_SendData	24	static
stm32f1xx_spi.c:176:6:SPI_ReceiveData	24	static
stm32f1xx_spi.c:215:9:SPI_SendData_Inter	32	static
stm32f1xx_spi.c:245:9:SPI_ReceiveData_Inter	32	static
stm32f1xx_spi.c:275:6:SPI_IRQConfig	16	static
stm32f1xx_spi.c:305:6:SPI_IRQPriority	24	static
stm32f1xx_spi.c:321:6:SPI_IRQHandling	24	static
stm32f1xx_spi.c:368:6:SPI_PeripheralControl	16	static
stm32f1xx_spi.c:385:6:SPI_SSIConfig	16	static
stm32f1xx_spi.c:401:6:SPI_SSOEConfig	16	static
stm32f1xx_spi.c:410:13:SPI_TXE_Interrupt_Handle	16	static
stm32f1xx_spi.c:430:13:SPI_RXNE_Interrupt_Handle	16	static
stm32f1xx_spi.c:450:13:SPI_OVR_Interrupt_Handle	24	static
stm32f1xx_spi.c:465:6:SPI_ClearOVRFlag	24	static
stm32f1xx_spi.c:473:6:SPI_CloseTransmission	16	static
stm32f1xx_spi.c:481:6:SPI_CloseReception	16	static
stm32f1xx_spi.c:490:28:SPI_ApplicationEventCallback	16	static
